  Determining projects to restore...
  All projects are up-to-date for restore.
E:\2025_projects\carsties\src\SearchService\Models\Item.cs(3,21): error CS0246: The type or namespace name 'Entity' could not be found (are you missing a using directive or an assembly reference?) [E:\2025_projects\carsties\src\SearchService\SearchService.csproj]
E:\2025_projects\carsties\src\SearchService\Program.cs(49,63): warning CS8632: The annotation for nullable reference types should only be used in code within a '#nullable' annotations context. [E:\2025_projects\carsties\src\SearchService\SearchService.csproj]

Build FAILED.

E:\2025_projects\carsties\src\SearchService\Program.cs(49,63): warning CS8632: The annotation for nullable reference types should only be used in code within a '#nullable' annotations context. [E:\2025_projects\carsties\src\SearchService\SearchService.csproj]
E:\2025_projects\carsties\src\SearchService\Models\Item.cs(3,21): error CS0246: The type or namespace name 'Entity' could not be found (are you missing a using directive or an assembly reference?) [E:\2025_projects\carsties\src\SearchService\SearchService.csproj]
    1 Warning(s)
    1 Error(s)

Time Elapsed 00:00:04.61

Workload updates are available. Run `dotnet workload list` for more information.
